// Jest Snapshot v1, https://goo.gl/fbAQLP

exports[`<BookList /> renders component when there are no books 1`] = `
<div
  class="book-list"
/>
`;

exports[`<BookList /> renders component when there are three books 1`] = `
<div
  className="book-list"
>
  <div
    className="comedy"
    key="0"
    onClick={[Function]}
  >
    comedy
    : 
    Legacy Intelligent
     by 
    Ms. Remington Fahey
     (rrp 
    <span
      className="price"
    >
      $
      53.70
    </span>
    ) (id: 
    1
    )
  </div>
  <div
    className="thriller"
    key="1"
    onClick={[Function]}
  >
    thriller
    : 
    Incredible Incredible Plastic Computer
     by 
    Isaac Steuber
     (rrp 
    <span
      className="price"
    >
      $
      20.99
    </span>
    ) (id: 
    2
    )
  </div>
  <div
    className="thriller"
    key="2"
    onClick={[Function]}
  >
    thriller
    : 
    compressing Soft mint green
     by 
    Kennedy Howell
     (rrp 
    <span
      className="price"
    >
      $
      68.61
    </span>
    ) (id: 
    3
    )
  </div>
</div>
`;
